<div translate="no" data-loc="2" class="notranslate codeblock codeblock-length-sm codeblock-html+twig codeblock-twig">
    <div class="codeblock-scroll">
        <pre class="codeblock-lines">1
2</pre>
        <pre class="codeblock-code"><code><span class="hljs-comment">{# some code #}</span><span class="xml">
<span class="hljs-comment">&lt;!-- some code --&gt;</span>
</span></code></pre>
    </div>
</div>
