<div translate="no" data-loc="1" class="notranslate codeblock codeblock-length-sm codeblock-ini">
    <div class="codeblock-scroll">
        <pre class="codeblock-lines">1</pre>
        <pre class="codeblock-code"><code><span class="hljs-attr">fetch</span> = +refs/notes/*:refs/notes/*</code></pre>
    </div>
</div>
