<div translate="no" data-loc="1" class="notranslate codeblock codeblock-length-sm codeblock-text">
    <div class="codeblock-scroll">
        <pre class="codeblock-lines">1</pre>
        <pre class="codeblock-code"><code>some text with special chars &lt; &gt; " &amp; and some text with special chars already escaped &lt; &gt; " &amp;</code></pre>
    </div>
</div>
