<div translate="no" data-loc="1" class="notranslate codeblock codeblock-length-sm codeblock-twig">
    <div class="codeblock-scroll">
        <pre class="codeblock-lines">1</pre>
        <pre class="codeblock-code"><code><span class="hljs-comment">{# some code #}</span></code></pre>
    </div>
</div>
