<p><a href="https://github.com/symfony/symfony/blob/6.1/src/Symfony/Component/HttpKernel/DependencyInjection/ContainerAwareHttpKernel.php" title="Symfony\Component\HttpKernel\DependencyInjection\ContainerAwareHttpKernel" class="reference external" rel="external noopener noreferrer" target="_blank">ContainerAwareHttpKernel</a></p>
