<p><a href="https://github.com/symfony/symfony/blob/6.1/src/Symfony/Component/HttpFoundation/RequestStack.php" class="reference external" title="Symfony\Component\HttpFoundation\RequestStack::getCurrentRequest()" rel="external noopener noreferrer" target="_blank">getCurrentRequest()</a></p>
