<p><a href="https://github.com/symfony/symfony/blob/6.1/src/Symfony/Component/HttpFoundation" title="Symfony\Component\HttpFoundation" class="reference external" rel="external noopener noreferrer" target="_blank">HttpFoundation</a></p>
