<p><a href="https://php.net/class.arrayaccess" class="reference external" title="ArrayAccess" rel="external noopener noreferrer" target="_blank">ArrayAccess</a></p>
