<p><a href="https://php.net/locale.getdefault" class="reference external" title="Locale::getDefault()" rel="external noopener noreferrer" target="_blank">Locale::getDefault()</a></p>
