<p><a href="https://php.net/function.trigger-error" title="trigger_error()" class="reference external" rel="external noopener noreferrer" target="_blank">trigger_error()</a></p>
