<!DOCTYPE html>
<html>
    <head>
        <meta charset="utf-8" />

            
    </head>

    <body>
            <div class="section">
<h1 id="a-test-for-reference"><a class="headerlink" href="#a-test-for-reference" title="Permalink to this headline">A test for reference</a></h1>
<p><a href="file.html#ref-test" class="reference internal">A ref test</a></p>

</div>

    </body>
</html>