<div translate="no" data-loc="1" class="notranslate codeblock codeblock-length-sm codeblock-bash">
    <div class="codeblock-scroll">
        <pre class="codeblock-lines">1</pre>
        <pre class="codeblock-code"><code>git <span class="hljs-built_in">clone</span> git@github.com:symfony/symfony.git</code></pre>
    </div>
</div>
