<p><a href="https://php.net/function.trigger-error" class="reference external" title="trigger_error()" rel="external noopener noreferrer" target="_blank">trigger_error()</a></p>
