<div class="section">
    <h1 id="checking-your-work-environment"><a class="headerlink" href="#checking-your-work-environment" title="Permalink to this headline">Checking your Work Environment</a></h1>
    <p>Lorem ipsum dolor sit amet, consectetur adipisicing elit.</p>

    <div class="section">
        <h2 id="zuo-ye-huan-jingwo-que-rensuru"><a class="headerlink" href="#zuo-ye-huan-jingwo-que-rensuru" title="Permalink to this headline">作業環境を確認する</a></h2>
        <p>Lorem ipsum dolor sit amet, consectetur adipisicing elit.</p>
    </div>

    <div class="section">
        <h2 id="perevirka-robocogo-seredovisa"><a class="headerlink" href="#perevirka-robocogo-seredovisa" title="Permalink to this headline">Перевірка робочого середовища</a></h2>
        <p>Lorem ipsum dolor sit amet, consectetur adipisicing elit.</p>
    </div>
</div>
