<!DOCTYPE html>
<html>
    <head>
        <meta charset="utf-8" />


    </head>

    <body>
            <div class="section">
<h1 id="formtype-documentation"><a class="headerlink" href="#formtype-documentation" title="Permalink to this headline">FormType Documentation</a></h1>
<span id="internal-reference"></span>
<img src="_images/symfony-logo.png" />
</div>

    </body>
</html>
