<p><a href="https://github.com/symfony/symfony/blob/6.1/src/Symfony/Component/HttpFoundation/RequestStack.php#:~:text=function%20getCurrentRequest" title="Symfony\Component\HttpFoundation\RequestStack::getCurrentRequest()" class="reference external" rel="external noopener noreferrer" target="_blank">getCurrentRequest()</a></p>
