<div class="admonition admonition-some-admonition some_admonition_class">
    <p class="admonition-title">
        <span>Some Admonition</span>
    </p>
    <p>Do you prefer admonitions? Well then... enjoy this one!</p>
</div>
