<div class="configuration-block">
    <div role="tablist" aria-label="Configuration formats" class="configuration-tabs configuration-tabs-length-2">
        <button role="tab" type="button" data-language="yaml" aria-controls="configuration-block-tabpanel-5c4d43ebaab8414c439c1c2a1cd2ec14602f7bdc" aria-selected="true" data-active="true"> <span>YAML</span> </button>
        <button role="tab" type="button" data-language="php" aria-controls="configuration-block-tabpanel-4c07f6d0afcdafed7d2e707ad137654bcfedb8db" aria-selected="false" tabindex="-1"> <span>PHP</span> </button>
    </div>

    <div role="tabpanel" id="configuration-block-tabpanel-5c4d43ebaab8414c439c1c2a1cd2ec14602f7bdc" aria-label="YAML" class="configuration-codeblock" data-language="yaml" style>
        <div translate="no" data-loc="1" class="notranslate codeblock codeblock-length-sm codeblock-yaml">
            <div class="codeblock-scroll">
                <pre class="codeblock-lines">1</pre>
                <pre class="codeblock-code"><code><span class="hljs-comment"># app/config/services.yml</span></code></pre>
            </div>
        </div>
    </div>

    <div role="tabpanel" id="configuration-block-tabpanel-4c07f6d0afcdafed7d2e707ad137654bcfedb8db" aria-label="PHP" class="configuration-codeblock" data-language="php" style="display: none">
        <div translate="no" data-loc="1" class="notranslate codeblock codeblock-length-sm codeblock-php">
            <div class="codeblock-scroll">
                <pre class="codeblock-lines">1</pre>
                <pre class="codeblock-code"><code><span class="hljs-comment">// config/routes.php</span></code></pre>
            </div>
        </div>
    </div>
</div>
