<div class="admonition admonition-deprecated ">
    <p class="admonition-title"><span>5.4</span></p>
    <p>The <code translate="no" class="notranslate">foobar</code> option is deprecated since Symfony 5.4. Use <code translate="no" class="notranslate">barfoo</code> instead.</p>
</div>
