<div class="admonition admonition-versionadded ">
<p class="admonition-title"><span>4.1</span></p>
<p>The <code translate="no" class="notranslate">foobar</code> option was introduced in Symfony 4.1.</p>
</div>
